src/lib/services/staff.svelte.ts(166,43): error TS2339: Property 'contract' does not exist on type 'Driver'.
